@1 0x00000539
@2 0x00000563
@3 0x0000051e
@4 0x0000037a
@6 0x00000a6e
@7 0x00000000
@8 0x00000045
@9 0x000001a4
@a 0x00000003