@1 0x00000049
@2 0x0000002a
@3 0x0000006b
@8 0x00000000
@9 0x00000000
@a 0x000002e1
@b 0x0000051f
@c 0x000007ff